/* $NetBSD: opt-ldi.0.stdout,v 1.3 2021/10/08 23:40:08 rillig Exp $ */
/* $FreeBSD$ */

int		global;

void
function(void)
{
	int	local;
}
