/* $NetBSD: opt-v.0.stdout,v 1.3 2021/10/08 20:23:23 rillig Exp $ */
/* $FreeBSD$ */

/*
 * A long comment.
 */
void
example(void)
{
	printf("A very long message template with %d arguments: %s, %s, %s", 3, "first", "second", "third");
}

#define macro1 /* prefix */ suffix

#define macro2 prefix		/* suffix */
There were 10 output lines and 2 comments
(Lines with comments)/(Lines with code):  0.571
