/* $NetBSD: opt-sob.0.stdout,v 1.3 2021/10/11 16:30:54 rillig Exp $ */
/* $FreeBSD$ */

void		function_declaration(void);


int
function_with_0_blank_lines(void)
{
	int		var;
	var = value;
	return var;
}

int
function_with_1_blank_line(void)
{

	int		var;

	var = value;

	return var;

}


int
function_with_2_blank_lines(void)
{


	int		var;


	var = value;


	return var;


}
